
> signalbrief-web@0.1.0 build
> next build

▲ Next.js 16.3.8 (Turbopack)
✓ Running next.config.ts took 182ms

  Creating an optimized production build ...
✓ Compiled successfully in 10.0s
  Running TypeScript ...
  Finished TypeScript in 5.7s ...
  Collecting page data using 15 workers ...
  Generating static pages using 15 workers (0/14) ...
  Generating static pages using 15 workers (3/14) 
  Generating static pages using 15 workers (6/14) 
  Generating static pages using 15 workers (10/14) 
✓ Generating static pages using 15 workers (14/14) in 633ms
  Finalizing page optimization ...

Route (app)
┌ ○ /
├ ○ /_not-found
├ ○ /alerts
├ ○ /auth/callback
├ ○ /calendar
├ ƒ /companies/[id]
├ ƒ /events/[id]
├ ○ /login
├ ○ /onboarding
├ ○ /ops
├ ƒ /ops/documents/[id]
├ ○ /portfolio
├ ○ /privacy
├ ○ /settings
├ ○ /today
└ ○ /watchlist


○  (Static)   prerendered as static content
ƒ  (Dynamic)  server-rendered on demand

