........................................................................ [ 34%]
........................................................................ [ 68%]
...........................................s.......................      [100%]
=============================== warnings summary ===============================
tests/test_migrations.py::test_real_asymmetric_jwt_contract[audience]
  <string>:7: ResourceWarning: unclosed database in <sqlite3.Connection object at 0x7f9cf66531f0>
  Enable tracemalloc to get traceback where the object was allocated.
  See https://docs.pytest.org/en/stable/how-to/capture-warnings.html#resource-warnings for more info.

tests/test_migrations.py::test_real_asymmetric_jwt_contract[audience]
  <string>:7: ResourceWarning: unclosed database in <sqlite3.Connection object at 0x7f9cf7e6ad40>
  Enable tracemalloc to get traceback where the object was allocated.
  See https://docs.pytest.org/en/stable/how-to/capture-warnings.html#resource-warnings for more info.

-- Docs: https://docs.pytest.org/en/stable/how-to/capture-warnings.html
================================ tests coverage ================================
_______________ coverage: platform linux, python 3.13.5-final-0 ________________

Name                                         Stmts   Miss  Cover   Missing
--------------------------------------------------------------------------
apps/api/signalbrief/__init__.py                 1      0   100%
apps/api/signalbrief/ai/__init__.py              0      0   100%
apps/api/signalbrief/ai/client.py              109     31    72%   27, 33, 51, 61-62, 64-70, 98, 108-125, 131, 134
apps/api/signalbrief/ai/demo_extractor.py       29      3    90%   14, 32, 34
apps/api/signalbrief/ai/evidence.py             88      7    92%   32-33, 35, 43-44, 70, 80
apps/api/signalbrief/ai/schemas.py              41      0   100%
apps/api/signalbrief/analytics.py               22      4    82%   9, 22-23, 25
apps/api/signalbrief/api_schemas.py            235      0   100%
apps/api/signalbrief/app.py                     92     16    83%   33-34, 36-43, 68, 76, 95-97, 109-110
apps/api/signalbrief/auth.py                    58      3    95%   22, 24, 38
apps/api/signalbrief/body_limit.py              27      2    93%   13, 29
apps/api/signalbrief/briefs.py                  14      0   100%
apps/api/signalbrief/changes.py                 53      2    96%   21, 54
apps/api/signalbrief/cli.py                    117     97    17%   14-32, 48-129, 131
apps/api/signalbrief/db.py                      35      4    89%   11, 13, 18, 37
apps/api/signalbrief/errors.py                  14      0   100%
apps/api/signalbrief/evaluation.py              94      1    99%   101
apps/api/signalbrief/http_client.py             70      3    96%   51, 66, 80
apps/api/signalbrief/ingestion.py              115     54    53%   18, 21, 33, 58, 69-70, 73-100, 103-116, 119-130
apps/api/signalbrief/jobs.py                    58      1    98%   74
apps/api/signalbrief/limits.py                  38      0   100%
apps/api/signalbrief/logging_config.py          16      1    94%   12
apps/api/signalbrief/models.py                 281      1    99%   18
apps/api/signalbrief/notifications.py           28     15    46%   11, 16-33
apps/api/signalbrief/ops.py                    160     61    62%   70-75, 85, 96-99, 112, 134-143, 151-171, 175-178, 182-191, 195-201
apps/api/signalbrief/parser.py                  90      8    91%   28-30, 41, 45, 53, 84, 89
apps/api/signalbrief/pipeline.py               177     32    82%   30, 39, 44, 59, 62, 75, 91-92, 99-100, 103, 110-111, 118, 123-132, 165, 189-191, 207-209, 213
apps/api/signalbrief/providers/__init__.py      13      7    46%   8-14
apps/api/signalbrief/providers/base.py          37      2    95%   33, 37
apps/api/signalbrief/providers/dart.py         111     42    62%   17, 39-40, 42, 49, 55, 59-60, 73, 83, 87, 93, 97-106, 112-119, 123-134
apps/api/signalbrief/providers/sec.py          109     28    74%   15, 32-33, 35, 41, 47, 54-55, 61-62, 65-66, 87, 103-104, 106, 109, 114, 120, 123, 126-133
apps/api/signalbrief/questions.py               55     16    71%   31-32, 36-37, 47-48, 55-63, 67
apps/api/signalbrief/ranking.py                 19      0   100%
apps/api/signalbrief/routes.py                 257     48    81%   53, 95-96, 99, 111-124, 202-205, 211, 223, 234, 237, 251, 270, 276, 288-291, 298-300, 304-307, 312-318, 322-329
apps/api/signalbrief/seed.py                    38      1    97%   22
apps/api/signalbrief/settings.py                80     10    88%   56, 58, 62-69
apps/api/signalbrief/storage.py                 80     33    59%   33, 44, 56-60, 63-76, 79-93
apps/api/signalbrief/vector_search.py           80     57    29%   25-29, 31-63, 65-81, 83-95
apps/api/signalbrief/views.py                   41      2    95%   16, 25
apps/api/signalbrief/worker.py                  59     21    64%   23-24, 33, 36, 38, 40-41, 45, 48-52, 59-66
--------------------------------------------------------------------------
TOTAL                                         3041    613    80%
Coverage JSON written to file verification/coverage.json
=========================== short test summary info ============================
SKIPPED [1] tests/test_migrations.py:68: SB_TEST_POSTGRES_URL not supplied; PostgreSQL/RLS not verified in this environment
210 passed, 1 skipped, 2 warnings in 9.87s
